PASS 360x800 public page: no horizontal scroll
PASS 360x800 public page: tap targets >= 44px
PASS 360x800 public page: axe WCAG 2.1 AA = 0
PASS 360x800 public page (ru): no horizontal scroll
PASS 360x800 public page (ru): tap targets >= 44px
PASS 360x800 public page (ru): axe WCAG 2.1 AA = 0
PASS 360x800 board (visitor): no horizontal scroll
PASS 360x800 board (visitor): tap targets >= 44px
PASS 360x800 board (visitor): axe WCAG 2.1 AA = 0
PASS 360x800 language sheet: no horizontal scroll
PASS 360x800 language sheet: tap targets >= 44px
PASS 360x800 language sheet: axe WCAG 2.1 AA = 0
PASS 360x800 auth: no horizontal scroll
PASS 360x800 auth: tap targets >= 44px
PASS 360x800 auth: axe WCAG 2.1 AA = 0
PASS 360x800 board (carrier): no horizontal scroll
PASS 360x800 board (carrier): tap targets >= 44px
PASS 360x800 board (carrier): axe WCAG 2.1 AA = 0
PASS 360x800 route sheet: no horizontal scroll
PASS 360x800 route sheet: tap targets >= 44px
PASS 360x800 route sheet: axe WCAG 2.1 AA = 0
PASS 360x800 city picker: no horizontal scroll
PASS 360x800 city picker: tap targets >= 44px
PASS 360x800 city picker: axe WCAG 2.1 AA = 0
PASS 360x800 filter sheet: no horizontal scroll
PASS 360x800 filter sheet: tap targets >= 44px
PASS 360x800 filter sheet: axe WCAG 2.1 AA = 0
PASS 360x800 post truck: no horizontal scroll
PASS 360x800 post truck: tap targets >= 44px
PASS 360x800 post truck: axe WCAG 2.1 AA = 0
PASS 360x800 post cargo: no horizontal scroll
PASS 360x800 post cargo: tap targets >= 44px
PASS 360x800 post cargo: axe WCAG 2.1 AA = 0
PASS 360x800 detail (planned): no horizontal scroll
PASS 360x800 detail (planned): tap targets >= 44px
PASS 360x800 detail (planned): axe WCAG 2.1 AA = 0
PASS 360x800 bid sheet: no horizontal scroll
PASS 360x800 bid sheet: tap targets >= 44px
PASS 360x800 bid sheet: axe WCAG 2.1 AA = 0
PASS 360x800 detail with my bid: no horizontal scroll
PASS 360x800 detail with my bid: tap targets >= 44px
PASS 360x800 detail with my bid: axe WCAG 2.1 AA = 0
PASS 360x800 take confirm: no horizontal scroll
PASS 360x800 take confirm: tap targets >= 44px
PASS 360x800 take confirm: axe WCAG 2.1 AA = 0
PASS 360x800 deal contacts: no horizontal scroll
PASS 360x800 deal contacts: tap targets >= 44px
PASS 360x800 deal contacts: axe WCAG 2.1 AA = 0
PASS 360x800 my: no horizontal scroll
PASS 360x800 my: tap targets >= 44px
PASS 360x800 my: axe WCAG 2.1 AA = 0
PASS 360x800 my deals: no horizontal scroll
PASS 360x800 my deals: tap targets >= 44px
PASS 360x800 my deals: axe WCAG 2.1 AA = 0
PASS 360x800 saved searches: no horizontal scroll
PASS 360x800 saved searches: tap targets >= 44px
PASS 360x800 saved searches: axe WCAG 2.1 AA = 0
PASS 360x800 search sheet: no horizontal scroll
PASS 360x800 search sheet: tap targets >= 44px
PASS 360x800 search sheet: axe WCAG 2.1 AA = 0
PASS 360x800 profile: no horizontal scroll
PASS 360x800 profile: tap targets >= 44px
PASS 360x800 profile: axe WCAG 2.1 AA = 0
PASS 360x800 vehicle sheet: no horizontal scroll
PASS 360x800 vehicle sheet: tap targets >= 44px
PASS 360x800 vehicle sheet: axe WCAG 2.1 AA = 0
PASS 360x800 inbox: no horizontal scroll
PASS 360x800 inbox: tap targets >= 44px
PASS 360x800 inbox: axe WCAG 2.1 AA = 0
PASS 360x800 board (customer): no horizontal scroll
PASS 360x800 board (customer): tap targets >= 44px
PASS 360x800 board (customer): axe WCAG 2.1 AA = 0
PASS 360x800 detail (owner, bids): no horizontal scroll
PASS 360x800 detail (owner, bids): tap targets >= 44px
PASS 360x800 detail (owner, bids): axe WCAG 2.1 AA = 0
PASS 360x800 deal pending (owner): no horizontal scroll
PASS 360x800 deal pending (owner): tap targets >= 44px
PASS 360x800 deal pending (owner): axe WCAG 2.1 AA = 0
PASS 360x800 operator form: no horizontal scroll
PASS 360x800 operator form: tap targets >= 44px
PASS 360x800 operator form: axe WCAG 2.1 AA = 0
PASS 360x800 board (light theme): no horizontal scroll
PASS 360x800 board (light theme): tap targets >= 44px
PASS 360x800 board (light theme): axe WCAG 2.1 AA = 0
PASS 390x844 public page: no horizontal scroll
PASS 390x844 public page: tap targets >= 44px
PASS 390x844 public page: axe WCAG 2.1 AA = 0
PASS 390x844 public page (ru): no horizontal scroll
PASS 390x844 public page (ru): tap targets >= 44px
PASS 390x844 public page (ru): axe WCAG 2.1 AA = 0
PASS 390x844 board (visitor): no horizontal scroll
PASS 390x844 board (visitor): tap targets >= 44px
PASS 390x844 board (visitor): axe WCAG 2.1 AA = 0
PASS 390x844 language sheet: no horizontal scroll
PASS 390x844 language sheet: tap targets >= 44px
PASS 390x844 language sheet: axe WCAG 2.1 AA = 0
PASS 390x844 auth: no horizontal scroll
PASS 390x844 auth: tap targets >= 44px
PASS 390x844 auth: axe WCAG 2.1 AA = 0
PASS 390x844 board (carrier): no horizontal scroll
PASS 390x844 board (carrier): tap targets >= 44px
PASS 390x844 board (carrier): axe WCAG 2.1 AA = 0
PASS 390x844 route sheet: no horizontal scroll
PASS 390x844 route sheet: tap targets >= 44px
PASS 390x844 route sheet: axe WCAG 2.1 AA = 0
PASS 390x844 city picker: no horizontal scroll
PASS 390x844 city picker: tap targets >= 44px
PASS 390x844 city picker: axe WCAG 2.1 AA = 0
PASS 390x844 filter sheet: no horizontal scroll
PASS 390x844 filter sheet: tap targets >= 44px
PASS 390x844 filter sheet: axe WCAG 2.1 AA = 0
PASS 390x844 post truck: no horizontal scroll
PASS 390x844 post truck: tap targets >= 44px
PASS 390x844 post truck: axe WCAG 2.1 AA = 0
PASS 390x844 post cargo: no horizontal scroll
PASS 390x844 post cargo: tap targets >= 44px
PASS 390x844 post cargo: axe WCAG 2.1 AA = 0
PASS 390x844 detail (planned): no horizontal scroll
PASS 390x844 detail (planned): tap targets >= 44px
PASS 390x844 detail (planned): axe WCAG 2.1 AA = 0
PASS 390x844 bid sheet: no horizontal scroll
PASS 390x844 bid sheet: tap targets >= 44px
PASS 390x844 bid sheet: axe WCAG 2.1 AA = 0
PASS 390x844 detail with my bid: no horizontal scroll
PASS 390x844 detail with my bid: tap targets >= 44px
PASS 390x844 detail with my bid: axe WCAG 2.1 AA = 0
PASS 390x844 take confirm: no horizontal scroll
PASS 390x844 take confirm: tap targets >= 44px
PASS 390x844 take confirm: axe WCAG 2.1 AA = 0
PASS 390x844 deal contacts: no horizontal scroll
PASS 390x844 deal contacts: tap targets >= 44px
PASS 390x844 deal contacts: axe WCAG 2.1 AA = 0
PASS 390x844 my: no horizontal scroll
PASS 390x844 my: tap targets >= 44px
PASS 390x844 my: axe WCAG 2.1 AA = 0
PASS 390x844 my deals: no horizontal scroll
PASS 390x844 my deals: tap targets >= 44px
PASS 390x844 my deals: axe WCAG 2.1 AA = 0
PASS 390x844 saved searches: no horizontal scroll
PASS 390x844 saved searches: tap targets >= 44px
PASS 390x844 saved searches: axe WCAG 2.1 AA = 0
PASS 390x844 search sheet: no horizontal scroll
PASS 390x844 search sheet: tap targets >= 44px
PASS 390x844 search sheet: axe WCAG 2.1 AA = 0
PASS 390x844 profile: no horizontal scroll
PASS 390x844 profile: tap targets >= 44px
PASS 390x844 profile: axe WCAG 2.1 AA = 0
PASS 390x844 vehicle sheet: no horizontal scroll
PASS 390x844 vehicle sheet: tap targets >= 44px
PASS 390x844 vehicle sheet: axe WCAG 2.1 AA = 0
PASS 390x844 inbox: no horizontal scroll
PASS 390x844 inbox: tap targets >= 44px
PASS 390x844 inbox: axe WCAG 2.1 AA = 0
PASS 390x844 board (customer): no horizontal scroll
PASS 390x844 board (customer): tap targets >= 44px
PASS 390x844 board (customer): axe WCAG 2.1 AA = 0
PASS 390x844 detail (owner, bids): no horizontal scroll
PASS 390x844 detail (owner, bids): tap targets >= 44px
PASS 390x844 detail (owner, bids): axe WCAG 2.1 AA = 0
PASS 390x844 deal pending (owner): no horizontal scroll
PASS 390x844 deal pending (owner): tap targets >= 44px
PASS 390x844 deal pending (owner): axe WCAG 2.1 AA = 0
PASS 390x844 operator form: no horizontal scroll
PASS 390x844 operator form: tap targets >= 44px
PASS 390x844 operator form: axe WCAG 2.1 AA = 0
PASS 390x844 board (light theme): no horizontal scroll
PASS 390x844 board (light theme): tap targets >= 44px
PASS 390x844 board (light theme): axe WCAG 2.1 AA = 0
PASS 1280x800 public page: no horizontal scroll
PASS 1280x800 public page: tap targets >= 44px
PASS 1280x800 public page: axe WCAG 2.1 AA = 0
PASS 1280x800 public page (ru): no horizontal scroll
PASS 1280x800 public page (ru): tap targets >= 44px
PASS 1280x800 public page (ru): axe WCAG 2.1 AA = 0
PASS 1280x800 board (visitor): no horizontal scroll
PASS 1280x800 board (visitor): tap targets >= 44px
PASS 1280x800 board (visitor): axe WCAG 2.1 AA = 0
PASS 1280x800 language sheet: no horizontal scroll
PASS 1280x800 language sheet: tap targets >= 44px
PASS 1280x800 language sheet: axe WCAG 2.1 AA = 0
PASS 1280x800 auth: no horizontal scroll
PASS 1280x800 auth: tap targets >= 44px
PASS 1280x800 auth: axe WCAG 2.1 AA = 0
PASS 1280x800 board (carrier): no horizontal scroll
PASS 1280x800 board (carrier): tap targets >= 44px
PASS 1280x800 board (carrier): axe WCAG 2.1 AA = 0
PASS 1280x800 board sorted by weight: no horizontal scroll
PASS 1280x800 board sorted by weight: tap targets >= 44px
PASS 1280x800 board sorted by weight: axe WCAG 2.1 AA = 0
PASS 1280x800 board + details panel: no horizontal scroll
PASS 1280x800 board + details panel: tap targets >= 44px
PASS 1280x800 board + details panel: axe WCAG 2.1 AA = 0
PASS 1280x800 route sheet: no horizontal scroll
PASS 1280x800 route sheet: tap targets >= 44px
PASS 1280x800 route sheet: axe WCAG 2.1 AA = 0
PASS 1280x800 city picker: no horizontal scroll
PASS 1280x800 city picker: tap targets >= 44px
PASS 1280x800 city picker: axe WCAG 2.1 AA = 0
PASS 1280x800 post truck: no horizontal scroll
PASS 1280x800 post truck: tap targets >= 44px
PASS 1280x800 post truck: axe WCAG 2.1 AA = 0
PASS 1280x800 post cargo: no horizontal scroll
PASS 1280x800 post cargo: tap targets >= 44px
PASS 1280x800 post cargo: axe WCAG 2.1 AA = 0
PASS 1280x800 detail (planned): no horizontal scroll
PASS 1280x800 detail (planned): tap targets >= 44px
PASS 1280x800 detail (planned): axe WCAG 2.1 AA = 0
PASS 1280x800 bid sheet: no horizontal scroll
PASS 1280x800 bid sheet: tap targets >= 44px
PASS 1280x800 bid sheet: axe WCAG 2.1 AA = 0
PASS 1280x800 detail with my bid: no horizontal scroll
PASS 1280x800 detail with my bid: tap targets >= 44px
PASS 1280x800 detail with my bid: axe WCAG 2.1 AA = 0
PASS 1280x800 take confirm: no horizontal scroll
PASS 1280x800 take confirm: tap targets >= 44px
PASS 1280x800 take confirm: axe WCAG 2.1 AA = 0
PASS 1280x800 deal contacts: no horizontal scroll
PASS 1280x800 deal contacts: tap targets >= 44px
PASS 1280x800 deal contacts: axe WCAG 2.1 AA = 0
PASS 1280x800 my: no horizontal scroll
PASS 1280x800 my: tap targets >= 44px
PASS 1280x800 my: axe WCAG 2.1 AA = 0
PASS 1280x800 my deals: no horizontal scroll
PASS 1280x800 my deals: tap targets >= 44px
PASS 1280x800 my deals: axe WCAG 2.1 AA = 0
PASS 1280x800 saved searches: no horizontal scroll
PASS 1280x800 saved searches: tap targets >= 44px
PASS 1280x800 saved searches: axe WCAG 2.1 AA = 0
PASS 1280x800 search sheet: no horizontal scroll
PASS 1280x800 search sheet: tap targets >= 44px
PASS 1280x800 search sheet: axe WCAG 2.1 AA = 0
PASS 1280x800 profile: no horizontal scroll
PASS 1280x800 profile: tap targets >= 44px
PASS 1280x800 profile: axe WCAG 2.1 AA = 0
PASS 1280x800 vehicle sheet: no horizontal scroll
PASS 1280x800 vehicle sheet: tap targets >= 44px
PASS 1280x800 vehicle sheet: axe WCAG 2.1 AA = 0
PASS 1280x800 inbox: no horizontal scroll
PASS 1280x800 inbox: tap targets >= 44px
PASS 1280x800 inbox: axe WCAG 2.1 AA = 0
PASS 1280x800 board (customer): no horizontal scroll
PASS 1280x800 board (customer): tap targets >= 44px
PASS 1280x800 board (customer): axe WCAG 2.1 AA = 0
PASS 1280x800 detail (owner, bids): no horizontal scroll
PASS 1280x800 detail (owner, bids): tap targets >= 44px
PASS 1280x800 detail (owner, bids): axe WCAG 2.1 AA = 0
PASS 1280x800 deal pending (owner): no horizontal scroll
PASS 1280x800 deal pending (owner): tap targets >= 44px
PASS 1280x800 deal pending (owner): axe WCAG 2.1 AA = 0
PASS 1280x800 operator form: no horizontal scroll
PASS 1280x800 operator form: tap targets >= 44px
PASS 1280x800 operator form: axe WCAG 2.1 AA = 0
PASS 1280x800 board (light theme): no horizontal scroll
PASS 1280x800 board (light theme): tap targets >= 44px
PASS 1280x800 board (light theme): axe WCAG 2.1 AA = 0
PASS 1920x1080 public page: no horizontal scroll
PASS 1920x1080 public page: tap targets >= 44px
PASS 1920x1080 public page: axe WCAG 2.1 AA = 0
PASS 1920x1080 public page (ru): no horizontal scroll
PASS 1920x1080 public page (ru): tap targets >= 44px
PASS 1920x1080 public page (ru): axe WCAG 2.1 AA = 0
PASS 1920x1080 board (visitor): no horizontal scroll
PASS 1920x1080 board (visitor): tap targets >= 44px
PASS 1920x1080 board (visitor): axe WCAG 2.1 AA = 0
PASS 1920x1080 language sheet: no horizontal scroll
PASS 1920x1080 language sheet: tap targets >= 44px
PASS 1920x1080 language sheet: axe WCAG 2.1 AA = 0
PASS 1920x1080 auth: no horizontal scroll
PASS 1920x1080 auth: tap targets >= 44px
PASS 1920x1080 auth: axe WCAG 2.1 AA = 0
PASS 1920x1080 board (carrier): no horizontal scroll
PASS 1920x1080 board (carrier): tap targets >= 44px
PASS 1920x1080 board (carrier): axe WCAG 2.1 AA = 0
PASS 1920x1080 board sorted by weight: no horizontal scroll
PASS 1920x1080 board sorted by weight: tap targets >= 44px
PASS 1920x1080 board sorted by weight: axe WCAG 2.1 AA = 0
PASS 1920x1080 board + details panel: no horizontal scroll
PASS 1920x1080 board + details panel: tap targets >= 44px
PASS 1920x1080 board + details panel: axe WCAG 2.1 AA = 0
PASS 1920x1080 route sheet: no horizontal scroll
PASS 1920x1080 route sheet: tap targets >= 44px
PASS 1920x1080 route sheet: axe WCAG 2.1 AA = 0
PASS 1920x1080 city picker: no horizontal scroll
PASS 1920x1080 city picker: tap targets >= 44px
PASS 1920x1080 city picker: axe WCAG 2.1 AA = 0
PASS 1920x1080 post truck: no horizontal scroll
PASS 1920x1080 post truck: tap targets >= 44px
PASS 1920x1080 post truck: axe WCAG 2.1 AA = 0
PASS 1920x1080 post cargo: no horizontal scroll
PASS 1920x1080 post cargo: tap targets >= 44px
PASS 1920x1080 post cargo: axe WCAG 2.1 AA = 0
PASS 1920x1080 detail (planned): no horizontal scroll
PASS 1920x1080 detail (planned): tap targets >= 44px
PASS 1920x1080 detail (planned): axe WCAG 2.1 AA = 0
PASS 1920x1080 bid sheet: no horizontal scroll
PASS 1920x1080 bid sheet: tap targets >= 44px
PASS 1920x1080 bid sheet: axe WCAG 2.1 AA = 0
PASS 1920x1080 detail with my bid: no horizontal scroll
PASS 1920x1080 detail with my bid: tap targets >= 44px
PASS 1920x1080 detail with my bid: axe WCAG 2.1 AA = 0
PASS 1920x1080 take confirm: no horizontal scroll
PASS 1920x1080 take confirm: tap targets >= 44px
PASS 1920x1080 take confirm: axe WCAG 2.1 AA = 0
PASS 1920x1080 deal contacts: no horizontal scroll
PASS 1920x1080 deal contacts: tap targets >= 44px
PASS 1920x1080 deal contacts: axe WCAG 2.1 AA = 0
PASS 1920x1080 my: no horizontal scroll
PASS 1920x1080 my: tap targets >= 44px
PASS 1920x1080 my: axe WCAG 2.1 AA = 0
PASS 1920x1080 my deals: no horizontal scroll
PASS 1920x1080 my deals: tap targets >= 44px
PASS 1920x1080 my deals: axe WCAG 2.1 AA = 0
PASS 1920x1080 saved searches: no horizontal scroll
PASS 1920x1080 saved searches: tap targets >= 44px
PASS 1920x1080 saved searches: axe WCAG 2.1 AA = 0
PASS 1920x1080 search sheet: no horizontal scroll
PASS 1920x1080 search sheet: tap targets >= 44px
PASS 1920x1080 search sheet: axe WCAG 2.1 AA = 0
PASS 1920x1080 profile: no horizontal scroll
PASS 1920x1080 profile: tap targets >= 44px
PASS 1920x1080 profile: axe WCAG 2.1 AA = 0
PASS 1920x1080 vehicle sheet: no horizontal scroll
PASS 1920x1080 vehicle sheet: tap targets >= 44px
PASS 1920x1080 vehicle sheet: axe WCAG 2.1 AA = 0
PASS 1920x1080 inbox: no horizontal scroll
PASS 1920x1080 inbox: tap targets >= 44px
PASS 1920x1080 inbox: axe WCAG 2.1 AA = 0
PASS 1920x1080 board (customer): no horizontal scroll
PASS 1920x1080 board (customer): tap targets >= 44px
PASS 1920x1080 board (customer): axe WCAG 2.1 AA = 0
PASS 1920x1080 detail (owner, bids): no horizontal scroll
PASS 1920x1080 detail (owner, bids): tap targets >= 44px
PASS 1920x1080 detail (owner, bids): axe WCAG 2.1 AA = 0
PASS 1920x1080 deal pending (owner): no horizontal scroll
PASS 1920x1080 deal pending (owner): tap targets >= 44px
PASS 1920x1080 deal pending (owner): axe WCAG 2.1 AA = 0
PASS 1920x1080 operator form: no horizontal scroll
PASS 1920x1080 operator form: tap targets >= 44px
PASS 1920x1080 operator form: axe WCAG 2.1 AA = 0
PASS 1920x1080 board (light theme): no horizontal scroll
PASS 1920x1080 board (light theme): tap targets >= 44px
PASS 1920x1080 board (light theme): axe WCAG 2.1 AA = 0

ALL SCREENS PASS
